export const snapshot = {};

snapshot[`parseDeck() 1`] = `
{
  ok: true,
  value: {
    description: "システム英単語系の問題集",
    id: 44845749858349580,
    name: "system-english",
    updated: 1676275415,
  },
}
`;
