export const snapshot = {};

snapshot[`parseNotes 1`] = `
{
  deckRef: {
    project: "takker-dist",
    title: "deck-テスト用deck",
  },
  noteTypeRef: {
    project: "takker-dist",
    title: "NoteType-穴埋めサンプル",
  },
  notes: [
    {
      fields: [
        "1676880489000,63f32a681280f00000b3624d,1676880495000,対象によって{{c1::異なった価値判断の基準}}を使い分けることを{{c2::ダブルスタンダード::カタカナ英語}}と呼ぶ<br><br>#ダブルスタンダード",
        "https://scrapbox.io/takker-dist/%E3%83%80%E3%83%96%E3%83%AB%E3%82%B9%E3%82%BF%E3%83%B3%E3%83%80%E3%83%BC%E3%83%89#63f32d1e1280f00000962d88",
      ],
      guid: "%Y4u,z/)",
      id: 1676881183000,
      tags: [
        "ダブルスタンダード",
      ],
      updated: 1676881357000,
    },
    {
      fields: [
        "英語：{{c1::double standard}}<br>日本語：{{c2::二重規範}}",
        "https://scrapbox.io/takker-dist/%E3%83%80%E3%83%96%E3%83%AB%E3%82%B9%E3%82%BF%E3%83%B3%E3%83%80%E3%83%BC%E3%83%89#63f3295f1280f00000b36220",
      ],
      guid: ";)f\$&p&/",
      id: 1676880224000,
      tags: [
      ],
      updated: 1676880498000,
    },
    {
      fields: [
        "{{c1::二重規範::全部漢字}}は略して{{c2::ダブスタ}}とも呼ぶ",
        "https://scrapbox.io/takker-dist/%E3%83%80%E3%83%96%E3%83%AB%E3%82%B9%E3%82%BF%E3%83%B3%E3%83%80%E3%83%BC%E3%83%89#63f32aa91280f00000b362ad",
      ],
      guid: "b,shjX~Uk",
      id: 1676880554000,
      tags: [
      ],
      updated: 1676880688000,
    },
    {
      fields: [
        "2つ以上の異なった価値判断の基準を使う場合は、{{c1::二重規範}}ではなく{{c1::多重規範}}とも呼ぶ",
        "https://scrapbox.io/takker-dist/%E3%83%80%E3%83%96%E3%83%AB%E3%82%B9%E3%82%BF%E3%83%B3%E3%83%80%E3%83%BC%E3%83%89#63f32aaf1280f00000b362cd",
      ],
      guid: "[ZRe=axi",
      id: 1676880560000,
      tags: [
      ],
      updated: 1676880560000,
    },
    {
      fields: [
        "二重規範は主に人を{{c1::非難}}する場合に使われる",
        "https://scrapbox.io/takker-dist/%E3%83%80%E3%83%96%E3%83%AB%E3%82%B9%E3%82%BF%E3%83%B3%E3%83%80%E3%83%BC%E3%83%89#63f32ab51280f00000b362ed",
      ],
      guid: "s=y#TrE)",
      id: 1676880566000,
      tags: [
      ],
      updated: 1676880566000,
    },
    {
      fields: [
        "{{c1::ミオミオ}}は{{c2::父親}}に対して{{c2::ダブスタクソ親父}}と吐き捨てた",
        "https://scrapbox.io/takker-dist/%E3%83%80%E3%83%96%E3%83%AB%E3%82%B9%E3%82%BF%E3%83%B3%E3%83%80%E3%83%BC%E3%83%89#63f324571280f00000b361fa",
      ],
      guid: "F1odiPo{",
      id: 1676878936000,
      tags: [
      ],
      updated: 1676880665000,
    },
  ],
}
`;
